screens/Benefits.tsx(149,11): error TS2578: Unused '@ts-expect-error' directive.
